// Jest Snapshot v1, https://goo.gl/fbAQLP

exports[`components <NavHeaderContainer /> should render correctly 1`] = `
<NavHeaderComponent
  getScreenDetails={[Function]}
  navigation={
    Object {
      "navigate": [Function],
    }
  }
  onToggleMenu={[Function]}
  scene={Object {}}
/>
`;
