// Jest Snapshot v1, https://goo.gl/fbAQLP

exports[`NavHeader should render correctly 1`] = `
<Styled(Header)>
  <Styled(Left)>
    <Styled(Button)
      onPress={[Function]}
      transparent={true}
    >
      <Styled(Icon)
        name="menu"
      />
    </Styled(Button)>
  </Styled(Left)>
  <Styled(Body)>
    <Styled(Title) />
  </Styled(Body)>
  <Styled(Right) />
</Styled(Header)>
`;
